// Jest Snapshot v1, https://goo.gl/fbAQLP

exports[`Button Component renders without crashing 1`] = `
<button
  className="abc"
  type="button"
>
  test
</button>
`;
